// Jest Snapshot v1, https://goo.gl/fbAQLP

exports[`Test App renders learn react link 1`] = `
<input
  placeholder="input value"
/>
`;

exports[`renders learn react link 1`] = `
<input
  placeholder="input value"
/>
`;
